
> web-malain-et-possible@0.1.0 test
> jest tests/integration/e2e-ids-coverage.integration.test.ts --no-coverage

  console.error
    
    
    ÔØî 0 e2eID non test├®(s) dans le sc├®nario E2E:
    
    
    ­ƒôè Statistiques:
       - Total e2eID actifs: 42
       - e2eID test├®s: 36
       - e2eID manquants: 0
       - Couverture: 85.7%
    
    ­ƒÆí Actions:
       1. Ouvrir C:\Users\meuni\OneDrive - HOLDING JARLE\CursorProjets\web-malain-et-possible\tests\end-to-end\parcours-complet-liens.spec.ts
       2. Ajouter des tests pour chaque e2eID manquant

      101 |
      102 |       // Afficher aussi dans la console pour debug
    > 103 |       console.error(errorMessage);
          |               ^
      104 |       throw new Error(errorMessage);
      105 |     }
      106 |     

      at Object.<anonymous> (tests/integration/e2e-ids-coverage.integration.test.ts:103:15)

  console.log
    
    ­ƒôï Inventaire des e2eID (42 actifs):

      at Object.<anonymous> (tests/integration/e2e-ids-coverage.integration.test.ts:117:13)

  console.log
       - video: 8

      at tests/integration/e2e-ids-coverage.integration.test.ts:124:15
          at Array.forEach (<anonymous>)

  console.log
       - callToAction: 7

      at tests/integration/e2e-ids-coverage.integration.test.ts:124:15
          at Array.forEach (<anonymous>)

  console.log
       - bouton: 25

      at tests/integration/e2e-ids-coverage.integration.test.ts:124:15
          at Array.forEach (<anonymous>)

  console.log
       - header: 2

      at tests/integration/e2e-ids-coverage.integration.test.ts:124:15
          at Array.forEach (<anonymous>)

node.exe : FAIL tests/integration/e2e-ids-coverage.integration.test.ts
Au caractère Ligne:1 : 1
+ & "C:\Program Files\nodejs/node.exe" "C:\Program Files\nodejs/node_mo ...
+ ~~~~~~~~~~~~~~~~~~~~~~~~~~~~~~~~~~~~~~~~~~~~~~~~~~~~~~~~~~~~~~~~~~~~~
    + CategoryInfo          : NotSpecified: (FAIL tests/inte...gration.test.ts:String) [], RemoteException
    + FullyQualifiedErrorId : NativeCommandError
 
  Couverture des e2eID dans le sc├®nario E2E
    ├ù devrait tester tous les e2eID existants dans le sc├®nario E2E unique (24 ms)
    ÔêÜ devrait lister tous les e2eID existants pour r├®f├®rence (9 ms)

  ÔùÅ Couverture des e2eID dans le sc├®nario E2E ÔÇ║ devrait tester tous les e2eID existants dans le sc├®nario E2E 
unique



    ÔØî 0 e2eID non test├®(s) dans le sc├®nario E2E:


    ­ƒôè Statistiques:
       - Total e2eID actifs: 42
       - e2eID test├®s: 36
       - e2eID manquants: 0
       - Couverture: 85.7%

    ­ƒÆí Actions:
       1. Ouvrir C:\Users\meuni\OneDrive - HOLDING 
JARLE\CursorProjets\web-malain-et-possible\tests\end-to-end\parcours-complet-liens.spec.ts
       2. Ajouter des tests pour chaque e2eID manquant

      102 |       // Afficher aussi dans la console pour debug
      103 |       console.error(errorMessage);
    > 104 |       throw new Error(errorMessage);
          |             ^
      105 |     }
      106 |     
      107 |     

      at Object.<anonymous> (tests/integration/e2e-ids-coverage.integration.test.ts:104:13)

Test Suites: 1 failed, 1 total
Tests:       1 failed, 1 passed, 2 total
Snapshots:   0 total
Time:        1.122 s
Ran all test suites matching tests/integration/e2e-ids-coverage.integration.test.ts.
